         Aggregated                                                                      1543     0(0.00%) |     15       9     732     13 |    2.60        0.00

Type     Name                                                                          # reqs      # fails |    Avg     Min     Max    Med |   req/s  failures/s
--------|----------------------------------------------------------------------------|-------|-------------|-------|-------|-------|-------|--------|-----------
GET      /                                                                                 84     0(0.00%) |     19      13     109     15 |    0.10        0.00
GET      /cart                                                                            203     0(0.00%) |     12       9     110     12 |    0.40        0.00
POST     /cart                                                                            193     0(0.00%) |     17      12     232     15 |    0.40        0.00
POST     /cart/checkout                                                                    70     0(0.00%) |     31      15     732     18 |    0.10        0.00
GET      /product/0PUK6V6EV0                                                               91     0(0.00%) |     14      10     139     12 |    0.20        0.00
GET      /product/1YMWWN1N4O                                                              123     0(0.00%) |     13       9     100     12 |    0.20        0.00
GET      /product/2ZYFJ3GM2N                                                              108     0(0.00%) |     12      10      20     12 |    0.30        0.00
GET      /product/66VCHSJNUP                                                               82     0(0.00%) |     12      10      79     11 |    0.10        0.00
GET      /product/6E92ZMYYFZ                                                               90     0(0.00%) |     12      10      27     12 |    0.20        0.00
GET      /product/9SIQT8TOJO                                                               79     0(0.00%) |     12      10      67     12 |    0.30        0.00
GET      /product/L9ECAV7KIM                                                               95     0(0.00%) |     14      10     200     12 |    0.00        0.00
GET      /product/LS4PSXUNUM                                                              103     0(0.00%) |     13      10     140     12 |    0.10        0.00
GET      /product/OLJCESPC7Z                                                               94     0(0.00%) |     13      10      93     12 |    0.10        0.00
POST     /setCurrency                                                                     134     0(0.00%) |     17      14      85     16 |    0.10        0.00
--------|----------------------------------------------------------------------------|-------|-------------|-------|-------|-------|-------|--------|-----------
         Aggregated                                                                      1549     0(0.00%) |     15       9     732     13 |    2.60        0.00

Type     Name                                                                          # reqs      # fails |    Avg     Min     Max    Med |   req/s  failures/s
--------|----------------------------------------------------------------------------|-------|-------------|-------|-------|-------|-------|--------|-----------
GET      /                                                                                 84     0(0.00%) |     19      13     109     15 |    0.10        0.00
GET      /cart                                                                            203     0(0.00%) |     12       9     110     12 |    0.30        0.00
POST     /cart                                                                            195     0(0.00%) |     17      12     232     15 |    0.30        0.00
POST     /cart/checkout                                                                    70     0(0.00%) |     31      15     732     18 |    0.00        0.00
GET      /product/0PUK6V6EV0                                                               91     0(0.00%) |     14      10     139     12 |    0.20        0.00
GET      /product/1YMWWN1N4O                                                              123     0(0.00%) |     13       9     100     12 |    0.20        0.00
GET      /product/2ZYFJ3GM2N                                                              109     0(0.00%) |     12      10      20     12 |    0.20        0.00
GET      /product/66VCHSJNUP                                                               82     0(0.00%) |     12      10      79     11 |    0.10        0.00
GET      /product/6E92ZMYYFZ                                                               91     0(0.00%) |     12      10      27     12 |    0.20        0.00
GET      /product/9SIQT8TOJO                                                               79     0(0.00%) |     12      10      67     12 |    0.30        0.00
GET      /product/L9ECAV7KIM                                                               96     0(0.00%) |     14      10     200     12 |    0.00        0.00
GET      /product/LS4PSXUNUM                                                              103     0(0.00%) |     13      10     140     12 |    0.10        0.00
GET      /product/OLJCESPC7Z                                                               94     0(0.00%) |     13      10      93     12 |    0.20        0.00
POST     /setCurrency                                                                     134     0(0.00%) |     17      14      85     16 |    0.10        0.00
--------|----------------------------------------------------------------------------|-------|-------------|-------|-------|-------|-------|--------|-----------
         Aggregated                                                                      1554     0(0.00%) |     15       9     732     13 |    2.30        0.00

