--------|----------------------------------------------------------------------------|-------|-------------|-------|-------|-------|-------|--------|-----------
         Aggregated                                                                      1759     0(0.00%) |      9       5    1205      8 |    1.60        0.00

Type     Name                                                                          # reqs      # fails |    Avg     Min     Max    Med |   req/s  failures/s
--------|----------------------------------------------------------------------------|-------|-------------|-------|-------|-------|-------|--------|-----------
GET      /                                                                                105     0(0.00%) |     11       7      29     10 |    0.00        0.00
GET      /cart                                                                            203     0(0.00%) |      8       5     100      8 |    0.50        0.00
POST     /cart                                                                            231     0(0.00%) |      9       6      35      9 |    0.10        0.00
POST     /cart/checkout                                                                    79     0(0.00%) |     26       8    1205     10 |    0.00        0.00
GET      /product/0PUK6V6EV0                                                              132     0(0.00%) |      8       6      49      8 |    0.10        0.00
GET      /product/1YMWWN1N4O                                                              117     0(0.00%) |      8       5      18      8 |    0.10        0.00
GET      /product/2ZYFJ3GM2N                                                              110     0(0.00%) |      8       5      15      8 |    0.10        0.00
GET      /product/66VCHSJNUP                                                              109     0(0.00%) |      8       5      45      8 |    0.10        0.00
GET      /product/6E92ZMYYFZ                                                              101     0(0.00%) |      8       5      13      8 |    0.30        0.00
GET      /product/9SIQT8TOJO                                                              107     0(0.00%) |      8       5      23      8 |    0.10        0.00
GET      /product/L9ECAV7KIM                                                               97     0(0.00%) |      8       5      10      8 |    0.10        0.00
GET      /product/LS4PSXUNUM                                                              102     0(0.00%) |      9       5     102      8 |    0.10        0.00
GET      /product/OLJCESPC7Z                                                              128     0(0.00%) |      7       5      11      8 |    0.00        0.00
POST     /setCurrency                                                                     139     0(0.00%) |     11       8      53     11 |    0.00        0.00
--------|----------------------------------------------------------------------------|-------|-------------|-------|-------|-------|-------|--------|-----------
         Aggregated                                                                      1760     0(0.00%) |      9       5    1205      8 |    1.60        0.00

Type     Name                                                                          # reqs      # fails |    Avg     Min     Max    Med |   req/s  failures/s
--------|----------------------------------------------------------------------------|-------|-------------|-------|-------|-------|-------|--------|-----------
GET      /                                                                                105     0(0.00%) |     11       7      29     10 |    0.10        0.00
GET      /cart                                                                            203     0(0.00%) |      8       5     100      8 |    0.70        0.00
POST     /cart                                                                            232     0(0.00%) |      9       6      35      9 |    0.20        0.00
POST     /cart/checkout                                                                    79     0(0.00%) |     26       8    1205     10 |    0.10        0.00
GET      /product/0PUK6V6EV0                                                              132     0(0.00%) |      8       6      49      8 |    0.20        0.00
GET      /product/1YMWWN1N4O                                                              117     0(0.00%) |      8       5      18      8 |    0.10        0.00
GET      /product/2ZYFJ3GM2N                                                              111     0(0.00%) |      8       5      15      8 |    0.00        0.00
GET      /product/66VCHSJNUP                                                              111     0(0.00%) |      8       5      45      8 |    0.10        0.00
GET      /product/6E92ZMYYFZ                                                              101     0(0.00%) |      8       5      13      8 |    0.30        0.00
GET      /product/9SIQT8TOJO                                                              108     0(0.00%) |      8       5      23      8 |    0.10        0.00
GET      /product/L9ECAV7KIM                                                               97     0(0.00%) |      8       5      10      8 |    0.10        0.00
GET      /product/LS4PSXUNUM                                                              103     0(0.00%) |      9       5     102      8 |    0.10        0.00
GET      /product/OLJCESPC7Z                                                              129     0(0.00%) |      7       5      11      8 |    0.00        0.00
POST     /setCurrency                                                                     139     0(0.00%) |     11       8      53     11 |    0.00        0.00
--------|----------------------------------------------------------------------------|-------|-------------|-------|-------|-------|-------|--------|-----------
         Aggregated                                                                      1767     0(0.00%) |      9       5    1205      8 |    2.10        0.00

Type     Name                                                                          # reqs      # fails |    Avg     Min     Max    Med |   req/s  failures/s
--------|----------------------------------------------------------------------------|-------|-------------|-------|-------|-------|-------|--------|-----------
GET      /                                                                                105     0(0.00%) |     11       7      29     10 |    0.10        0.00
GET      /cart                                                                            205     0(0.00%) |      8       5     100      8 |    0.60        0.00
POST     /cart                                                                            232     0(0.00%) |      9       6      35      9 |    0.20        0.00
POST     /cart/checkout                                                                    79     0(0.00%) |     26       8    1205     10 |    0.10        0.00
GET      /product/0PUK6V6EV0                                                              132     0(0.00%) |      8       6      49      8 |    0.20        0.00
GET      /product/1YMWWN1N4O                                                              117     0(0.00%) |      8       5      18      8 |    0.00        0.00
GET      /product/2ZYFJ3GM2N                                                              111     0(0.00%) |      8       5      15      8 |    0.10        0.00
GET      /product/66VCHSJNUP                                                              111     0(0.00%) |      8       5      45      8 |    0.10        0.00
GET      /product/6E92ZMYYFZ                                                              101     0(0.00%) |      8       5      13      8 |    0.30        0.00
GET      /product/9SIQT8TOJO                                                              108     0(0.00%) |      8       5      23      8 |    0.20        0.00
GET      /product/L9ECAV7KIM                                                               97     0(0.00%) |      8       5      10      8 |    0.00        0.00
GET      /product/LS4PSXUNUM                                                              103     0(0.00%) |      9       5     102      8 |    0.10        0.00
GET      /product/OLJCESPC7Z                                                              129     0(0.00%) |      7       5      11      8 |    0.00        0.00
POST     /setCurrency                                                                     139     0(0.00%) |     11       8      53     11 |    0.00        0.00
--------|----------------------------------------------------------------------------|-------|-------------|-------|-------|-------|-------|--------|-----------
         Aggregated                                                                      1769     0(0.00%) |      9       5    1205      8 |    2.00        0.00

