--------|----------------------------------------------------------------------------|-------|-------------|-------|-------|-------|-------|--------|-----------
         Aggregated                                                                      1663     0(0.00%) |     11       5    1933      9 |    2.20        0.00

Type     Name                                                                          # reqs      # fails |    Avg     Min     Max    Med |   req/s  failures/s
--------|----------------------------------------------------------------------------|-------|-------------|-------|-------|-------|-------|--------|-----------
GET      /                                                                                 86     0(0.00%) |     13       9      30     12 |    0.20        0.00
GET      /cart                                                                            205     0(0.00%) |      9       5     104      8 |    0.10        0.00
POST     /cart                                                                            219     0(0.00%) |     10       7      33     10 |    0.20        0.00
POST     /cart/checkout                                                                    81     0(0.00%) |     36       9    1933     12 |    0.10        0.00
GET      /product/0PUK6V6EV0                                                               90     0(0.00%) |      8       6      12      9 |    0.10        0.00
GET      /product/1YMWWN1N4O                                                              101     0(0.00%) |      8       6      24      8 |    0.20        0.00
GET      /product/2ZYFJ3GM2N                                                               93     0(0.00%) |      8       6      15      9 |    0.20        0.00
GET      /product/66VCHSJNUP                                                              114     0(0.00%) |      8       6      32      9 |    0.00        0.00
GET      /product/6E92ZMYYFZ                                                               92     0(0.00%) |     11       6     102      9 |    0.10        0.00
GET      /product/9SIQT8TOJO                                                              120     0(0.00%) |      8       6      18      9 |    0.10        0.00
GET      /product/L9ECAV7KIM                                                              106     0(0.00%) |      9       6      53      9 |    0.10        0.00
GET      /product/LS4PSXUNUM                                                              109     0(0.00%) |      9       6      58      9 |    0.40        0.00
GET      /product/OLJCESPC7Z                                                              100     0(0.00%) |      8       6      15      9 |    0.30        0.00
POST     /setCurrency                                                                     153     0(0.00%) |     13       9      64     12 |    0.20        0.00
--------|----------------------------------------------------------------------------|-------|-------------|-------|-------|-------|-------|--------|-----------
         Aggregated                                                                      1669     0(0.00%) |     11       5    1933      9 |    2.30        0.00

Type     Name                                                                          # reqs      # fails |    Avg     Min     Max    Med |   req/s  failures/s
--------|----------------------------------------------------------------------------|-------|-------------|-------|-------|-------|-------|--------|-----------
GET      /                                                                                 86     0(0.00%) |     13       9      30     12 |    0.20        0.00
GET      /cart                                                                            205     0(0.00%) |      9       5     104      8 |    0.10        0.00
POST     /cart                                                                            222     0(0.00%) |     10       7      33     10 |    0.20        0.00
POST     /cart/checkout                                                                    81     0(0.00%) |     36       9    1933     12 |    0.10        0.00
GET      /product/0PUK6V6EV0                                                               90     0(0.00%) |      8       6      12      9 |    0.10        0.00
GET      /product/1YMWWN1N4O                                                              103     0(0.00%) |      8       6      24      8 |    0.20        0.00
GET      /product/2ZYFJ3GM2N                                                               93     0(0.00%) |      8       6      15      9 |    0.20        0.00
GET      /product/66VCHSJNUP                                                              115     0(0.00%) |      8       6      32      9 |    0.00        0.00
GET      /product/6E92ZMYYFZ                                                               92     0(0.00%) |     11       6     102      9 |    0.10        0.00
GET      /product/9SIQT8TOJO                                                              121     0(0.00%) |      8       6      18      9 |    0.10        0.00
GET      /product/L9ECAV7KIM                                                              107     0(0.00%) |      9       6      53      9 |    0.10        0.00
GET      /product/LS4PSXUNUM                                                              109     0(0.00%) |      9       6      58      9 |    0.40        0.00
GET      /product/OLJCESPC7Z                                                              100     0(0.00%) |      8       6      15      9 |    0.20        0.00
POST     /setCurrency                                                                     153     0(0.00%) |     13       9      64     12 |    0.20        0.00
--------|----------------------------------------------------------------------------|-------|-------------|-------|-------|-------|-------|--------|-----------
         Aggregated                                                                      1677     0(0.00%) |     11       5    1933      9 |    2.20        0.00

Type     Name                                                                          # reqs      # fails |    Avg     Min     Max    Med |   req/s  failures/s
--------|----------------------------------------------------------------------------|-------|-------------|-------|-------|-------|-------|--------|-----------
GET      /                                                                                 86     0(0.00%) |     13       9      30     12 |    0.20        0.00
GET      /cart                                                                            206     0(0.00%) |      9       5     104      8 |    0.20        0.00
POST     /cart                                                                            222     0(0.00%) |     10       7      33     10 |    0.40        0.00
POST     /cart/checkout                                                                    81     0(0.00%) |     36       9    1933     12 |    0.20        0.00
GET      /product/0PUK6V6EV0                                                               91     0(0.00%) |      8       6      12      9 |    0.10        0.00
GET      /product/1YMWWN1N4O                                                              103     0(0.00%) |      8       6      24      8 |    0.20        0.00
GET      /product/2ZYFJ3GM2N                                                               93     0(0.00%) |      8       6      15      9 |    0.20        0.00
GET      /product/66VCHSJNUP                                                              115     0(0.00%) |      8       6      32      9 |    0.10        0.00
GET      /product/6E92ZMYYFZ                                                               92     0(0.00%) |     11       6     102      9 |    0.10        0.00
GET      /product/9SIQT8TOJO                                                              121     0(0.00%) |      8       6      18      9 |    0.30        0.00
GET      /product/L9ECAV7KIM                                                              108     0(0.00%) |      9       6      53      9 |    0.10        0.00
GET      /product/LS4PSXUNUM                                                              110     0(0.00%) |      9       6      58      9 |    0.50        0.00
GET      /product/OLJCESPC7Z                                                              101     0(0.00%) |      8       6      15      9 |    0.00        0.00
POST     /setCurrency                                                                     153     0(0.00%) |     13       9      64     12 |    0.10        0.00
--------|----------------------------------------------------------------------------|-------|-------------|-------|-------|-------|-------|--------|-----------
         Aggregated                                                                      1682     0(0.00%) |     11       5    1933      9 |    2.70        0.00

