--------|----------------------------------------------------------------------------|-------|-------------|-------|-------|-------|-------|--------|-----------
         Aggregated                                                                      1946     0(0.00%) |     14       7    1923     12 |    2.00        0.00

Type     Name                                                                          # reqs      # fails |    Avg     Min     Max    Med |   req/s  failures/s
--------|----------------------------------------------------------------------------|-------|-------------|-------|-------|-------|-------|--------|-----------
GET      /                                                                                102     0(0.00%) |     17      11     180     14 |    0.10        0.00
GET      /cart                                                                            265     0(0.00%) |     19       7    1923     12 |    0.30        0.00
POST     /cart                                                                            253     0(0.00%) |     16      10     130     14 |    0.10        0.00
POST     /cart/checkout                                                                    81     0(0.00%) |     26      12     623     18 |    0.00        0.00
GET      /product/0PUK6V6EV0                                                              124     0(0.00%) |     12       8      74     11 |    0.30        0.00
GET      /product/1YMWWN1N4O                                                              121     0(0.00%) |     11       8      17     11 |    0.10        0.00
GET      /product/2ZYFJ3GM2N                                                              138     0(0.00%) |     11       8      29     11 |    0.10        0.00
GET      /product/66VCHSJNUP                                                              141     0(0.00%) |     11       9      35     11 |    0.10        0.00
GET      /product/6E92ZMYYFZ                                                               98     0(0.00%) |     11       8      28     11 |    0.00        0.00
GET      /product/9SIQT8TOJO                                                               88     0(0.00%) |     11       8      23     11 |    0.20        0.00
GET      /product/L9ECAV7KIM                                                              120     0(0.00%) |     15       8     493     11 |    0.20        0.00
GET      /product/LS4PSXUNUM                                                              124     0(0.00%) |     11       8      17     11 |    0.10        0.00
GET      /product/OLJCESPC7Z                                                              137     0(0.00%) |     11       8      27     11 |    0.20        0.00
POST     /setCurrency                                                                     156     0(0.00%) |     17      12      83     16 |    0.20        0.00
--------|----------------------------------------------------------------------------|-------|-------------|-------|-------|-------|-------|--------|-----------
         Aggregated                                                                      1948     0(0.00%) |     14       7    1923     12 |    2.00        0.00

Type     Name                                                                          # reqs      # fails |    Avg     Min     Max    Med |   req/s  failures/s
--------|----------------------------------------------------------------------------|-------|-------------|-------|-------|-------|-------|--------|-----------
GET      /                                                                                102     0(0.00%) |     17      11     180     14 |    0.20        0.00
GET      /cart                                                                            265     0(0.00%) |     19       7    1923     12 |    0.20        0.00
POST     /cart                                                                            255     0(0.00%) |     16      10     130     14 |    0.10        0.00
POST     /cart/checkout                                                                    82     0(0.00%) |     26      12     623     18 |    0.00        0.00
GET      /product/0PUK6V6EV0                                                              125     0(0.00%) |     12       8      74     11 |    0.10        0.00
GET      /product/1YMWWN1N4O                                                              121     0(0.00%) |     11       8      17     11 |    0.20        0.00
GET      /product/2ZYFJ3GM2N                                                              138     0(0.00%) |     11       8      29     11 |    0.20        0.00
GET      /product/66VCHSJNUP                                                              142     0(0.00%) |     11       9      35     11 |    0.10        0.00
GET      /product/6E92ZMYYFZ                                                               98     0(0.00%) |     11       8      28     11 |    0.00        0.00
GET      /product/9SIQT8TOJO                                                               90     0(0.00%) |     11       8      23     11 |    0.10        0.00
GET      /product/L9ECAV7KIM                                                              120     0(0.00%) |     15       8     493     11 |    0.10        0.00
GET      /product/LS4PSXUNUM                                                              124     0(0.00%) |     11       8      17     11 |    0.10        0.00
GET      /product/OLJCESPC7Z                                                              137     0(0.00%) |     11       8      27     11 |    0.20        0.00
POST     /setCurrency                                                                     157     0(0.00%) |     17      12      83     16 |    0.20        0.00
--------|----------------------------------------------------------------------------|-------|-------------|-------|-------|-------|-------|--------|-----------
         Aggregated                                                                      1956     0(0.00%) |     14       7    1923     12 |    1.80        0.00

Type     Name                                                                          # reqs      # fails |    Avg     Min     Max    Med |   req/s  failures/s
--------|----------------------------------------------------------------------------|-------|-------------|-------|-------|-------|-------|--------|-----------
GET      /                                                                                103     0(0.00%) |     17      11     180     14 |    0.20        0.00
GET      /cart                                                                            265     0(0.00%) |     19       7    1923     12 |    0.20        0.00
POST     /cart                                                                            257     0(0.00%) |     16      10     130     14 |    0.20        0.00
POST     /cart/checkout                                                                    82     0(0.00%) |     26      12     623     18 |    0.10        0.00
GET      /product/0PUK6V6EV0                                                              125     0(0.00%) |     12       8      74     11 |    0.10        0.00
GET      /product/1YMWWN1N4O                                                              121     0(0.00%) |     11       8      17     11 |    0.10        0.00
GET      /product/2ZYFJ3GM2N                                                              138     0(0.00%) |     11       8      29     11 |    0.20        0.00
GET      /product/66VCHSJNUP                                                              144     0(0.00%) |     11       9      35     11 |    0.10        0.00
GET      /product/6E92ZMYYFZ                                                               98     0(0.00%) |     11       8      28     11 |    0.00        0.00
GET      /product/9SIQT8TOJO                                                               91     0(0.00%) |     11       8      23     11 |    0.20        0.00
GET      /product/L9ECAV7KIM                                                              120     0(0.00%) |     15       8     493     11 |    0.10        0.00
GET      /product/LS4PSXUNUM                                                              124     0(0.00%) |     11       8      17     11 |    0.10        0.00
GET      /product/OLJCESPC7Z                                                              137     0(0.00%) |     11       8      27     11 |    0.10        0.00
POST     /setCurrency                                                                     158     0(0.00%) |     16      12      83     16 |    0.30        0.00
--------|----------------------------------------------------------------------------|-------|-------------|-------|-------|-------|-------|--------|-----------
         Aggregated                                                                      1963     0(0.00%) |     14       7    1923     12 |    2.00        0.00

