--------|----------------------------------------------------------------------------|-------|-------------|-------|-------|-------|-------|--------|-----------
         Aggregated                                                                      1879     2(0.11%) |     10       5    1427      8 |    2.40        0.00

Type     Name                                                                          # reqs      # fails |    Avg     Min     Max    Med |   req/s  failures/s
--------|----------------------------------------------------------------------------|-------|-------------|-------|-------|-------|-------|--------|-----------
GET      /                                                                                 83     0(0.00%) |     11       8      46     10 |    0.20        0.00
GET      /cart                                                                            233     0(0.00%) |      8       5      23      8 |    0.20        0.00
POST     /cart                                                                            264     0(0.00%) |     10       7     205      9 |    0.20        0.00
POST     /cart/checkout                                                                    85     2(2.35%) |     28       7    1427     11 |    0.10        0.00
GET      /product/0PUK6V6EV0                                                              105     0(0.00%) |      8       5      60      8 |    0.00        0.00
GET      /product/1YMWWN1N4O                                                              110     0(0.00%) |      8       5      29      8 |    0.30        0.00
GET      /product/2ZYFJ3GM2N                                                              131     0(0.00%) |      8       5      81      8 |    0.00        0.00
GET      /product/66VCHSJNUP                                                              111     0(0.00%) |      8       5      12      8 |    0.00        0.00
GET      /product/6E92ZMYYFZ                                                              135     0(0.00%) |      8       6     114      8 |    0.20        0.00
GET      /product/9SIQT8TOJO                                                              135     0(0.00%) |      8       5      43      8 |    0.10        0.00
GET      /product/L9ECAV7KIM                                                              118     0(0.00%) |      8       6      14      8 |    0.30        0.00
GET      /product/LS4PSXUNUM                                                              121     0(0.00%) |      8       6      52      8 |    0.10        0.00
GET      /product/OLJCESPC7Z                                                              112     0(0.00%) |      8       5      17      8 |    0.00        0.00
POST     /setCurrency                                                                     142     0(0.00%) |     11       8      87     11 |    0.20        0.00
--------|----------------------------------------------------------------------------|-------|-------------|-------|-------|-------|-------|--------|-----------
         Aggregated                                                                      1885     2(0.11%) |     10       5    1427      8 |    1.90        0.00

Type     Name                                                                          # reqs      # fails |    Avg     Min     Max    Med |   req/s  failures/s
--------|----------------------------------------------------------------------------|-------|-------------|-------|-------|-------|-------|--------|-----------
GET      /                                                                                 83     0(0.00%) |     11       8      46     10 |    0.20        0.00
GET      /cart                                                                            233     0(0.00%) |      8       5      23      8 |    0.10        0.00
POST     /cart                                                                            264     0(0.00%) |     10       7     205      9 |    0.20        0.00
POST     /cart/checkout                                                                    85     2(2.35%) |     28       7    1427     11 |    0.10        0.00
GET      /product/0PUK6V6EV0                                                              105     0(0.00%) |      8       5      60      8 |    0.10        0.00
GET      /product/1YMWWN1N4O                                                              110     0(0.00%) |      8       5      29      8 |    0.40        0.00
GET      /product/2ZYFJ3GM2N                                                              131     0(0.00%) |      8       5      81      8 |    0.00        0.00
GET      /product/66VCHSJNUP                                                              112     0(0.00%) |      8       5      12      8 |    0.00        0.00
GET      /product/6E92ZMYYFZ                                                              135     0(0.00%) |      8       6     114      8 |    0.20        0.00
GET      /product/9SIQT8TOJO                                                              135     0(0.00%) |      8       5      43      8 |    0.10        0.00
GET      /product/L9ECAV7KIM                                                              118     0(0.00%) |      8       6      14      8 |    0.20        0.00
GET      /product/LS4PSXUNUM                                                              122     0(0.00%) |      8       6      52      8 |    0.10        0.00
GET      /product/OLJCESPC7Z                                                              112     0(0.00%) |      8       5      17      8 |    0.10        0.00
POST     /setCurrency                                                                     142     0(0.00%) |     11       8      87     11 |    0.20        0.00
--------|----------------------------------------------------------------------------|-------|-------------|-------|-------|-------|-------|--------|-----------
         Aggregated                                                                      1887     2(0.11%) |     10       5    1427      8 |    2.00        0.00

Type     Name                                                                          # reqs      # fails |    Avg     Min     Max    Med |   req/s  failures/s
--------|----------------------------------------------------------------------------|-------|-------------|-------|-------|-------|-------|--------|-----------
GET      /                                                                                 83     0(0.00%) |     11       8      46     10 |    0.10        0.00
GET      /cart                                                                            235     0(0.00%) |      8       5      23      8 |    0.10        0.00
POST     /cart                                                                            265     0(0.00%) |     10       7     205      9 |    0.30        0.00
POST     /cart/checkout                                                                    86     2(2.33%) |     27       7    1427     11 |    0.10        0.00
GET      /product/0PUK6V6EV0                                                              105     0(0.00%) |      8       5      60      8 |    0.20        0.00
GET      /product/1YMWWN1N4O                                                              112     0(0.00%) |      8       5      29      8 |    0.40        0.00
GET      /product/2ZYFJ3GM2N                                                              131     0(0.00%) |      8       5      81      8 |    0.00        0.00
GET      /product/66VCHSJNUP                                                              112     0(0.00%) |      8       5      12      8 |    0.10        0.00
GET      /product/6E92ZMYYFZ                                                              135     0(0.00%) |      8       6     114      8 |    0.20        0.00
GET      /product/9SIQT8TOJO                                                              135     0(0.00%) |      8       5      43      8 |    0.10        0.00
GET      /product/L9ECAV7KIM                                                              118     0(0.00%) |      8       6      14      8 |    0.20        0.00
GET      /product/LS4PSXUNUM                                                              122     0(0.00%) |      8       6      52      8 |    0.20        0.00
GET      /product/OLJCESPC7Z                                                              112     0(0.00%) |      8       5      17      8 |    0.10        0.00
POST     /setCurrency                                                                     143     0(0.00%) |     11       8      87     11 |    0.10        0.00
--------|----------------------------------------------------------------------------|-------|-------------|-------|-------|-------|-------|--------|-----------
         Aggregated                                                                      1894     2(0.11%) |     10       5    1427      8 |    2.20        0.00

